[themebeyond.com/html/startesk/startesk/index-2.html]
[backblue.gif]
[fade.gif]
[index.html]
[themebeyond.com/html/startesk/startesk/img/favicon.png]
[themebeyond.com/html/startesk/startesk/css/bootstrap.min.css]
[themebeyond.com/html/startesk/startesk/css/animate.min.css]
[themebeyond.com/html/startesk/startesk/css/magnific-popup.css]
[themebeyond.com/html/startesk/startesk/css/fontawesome-all.min.css]
[themebeyond.com/html/startesk/startesk/css/aos.css]
[themebeyond.com/html/startesk/startesk/css/nice-select.css]
[themebeyond.com/html/startesk/startesk/css/flaticon.css]
[themebeyond.com/html/startesk/startesk/css/meanmenu.css]
[themebeyond.com/html/startesk/startesk/css/slick.css]
[themebeyond.com/html/startesk/startesk/css/default.css]
[themebeyond.com/html/startesk/startesk/css/style.css]
[themebeyond.com/html/startesk/startesk/css/responsive.css]
[themebeyond.com/html/startesk/startesk/index.html]
[themebeyond.com/html/startesk/startesk/img/logo/s_logo.png]
[themebeyond.com/html/startesk/startesk/img/logo/logo.png]
[themebeyond.com/html/startesk/startesk/index-3.html]
[themebeyond.com/html/startesk/startesk/about-us.html]
[themebeyond.com/html/startesk/startesk/tracking.html]
[themebeyond.com/html/startesk/startesk/service-air.html]
[themebeyond.com/html/startesk/startesk/service-Railway.html]
[themebeyond.com/html/startesk/startesk/service-door-to-door.html]
[themebeyond.com/html/startesk/startesk/service-warehouse.html]
[themebeyond.com/html/startesk/startesk/pricing.html]
[themebeyond.com/html/startesk/startesk/blog.html]
[themebeyond.com/html/startesk/startesk/blog-classic.html]
[themebeyond.com/html/startesk/startesk/blog-with-sidebar.html]
[themebeyond.com/html/startesk/startesk/blog-details.html]
[themebeyond.com/html/startesk/startesk/support.html]
[themebeyond.com/html/startesk/startesk/img/icon/calculator-symbols.png]
[themebeyond.com/html/startesk/startesk/img/bg/board_bg.jpg]
[themebeyond.com/html/startesk/startesk/img/slider/golve.png]
[themebeyond.com/html/startesk/startesk/img/slider/bike.png]
[themebeyond.com/html/startesk/startesk/img/slider/car.png]
[themebeyond.com/html/startesk/startesk/img/slider/plane.png]
[themebeyond.com/html/startesk/startesk/img/images/services_img01.jpg]
[themebeyond.com/html/startesk/startesk/img/images/services_img02.jpg]
[themebeyond.com/html/startesk/startesk/img/images/services_img03.jpg]
[themebeyond.com/html/startesk/startesk/img/images/int_cargo_img.png]
[themebeyond.com/html/startesk/startesk/img/icon/play_btn.png]
[themebeyond.com/html/startesk/startesk/img/icon/ds_icon01.png]
[themebeyond.com/html/startesk/startesk/img/icon/ds_icon02.png]
[themebeyond.com/html/startesk/startesk/img/icon/ds_icon03.png]
[themebeyond.com/html/startesk/startesk/img/images/delivery_services_img.png]
[themebeyond.com/html/startesk/startesk/img/icon/ds_icon04.png]
[themebeyond.com/html/startesk/startesk/img/icon/ds_icon05.png]
[themebeyond.com/html/startesk/startesk/img/icon/ds_icon06.png]
[themebeyond.com/html/startesk/startesk/img/images/testi_avatar01.png]
[themebeyond.com/html/startesk/startesk/img/images/testi_avatar02.png]
[themebeyond.com/html/startesk/startesk/img/images/control_img01.jpg]
[themebeyond.com/html/startesk/startesk/img/images/control_img02.jpg]
[themebeyond.com/html/startesk/startesk/img/images/control_img03.jpg]
[themebeyond.com/html/startesk/startesk/img/brand/brnad_logo01.png]
[themebeyond.com/html/startesk/startesk/img/brand/brnad_logo02.png]
[themebeyond.com/html/startesk/startesk/img/brand/brnad_logo03.png]
[themebeyond.com/html/startesk/startesk/img/brand/brnad_logo04.png]
[themebeyond.com/html/startesk/startesk/img/brand/brnad_logo05.png]
[themebeyond.com/html/startesk/startesk/img/bg/footer_bg.jpg]
[themebeyond.com/html/startesk/startesk/img/logo/w_logo.png]
[themebeyond.com/html/startesk/startesk/img/blog/f_rc_img01.jpg]
[themebeyond.com/html/startesk/startesk/img/blog/f_rc_img02.jpg]
[themebeyond.com/html/startesk/startesk/img/images/f_download_btn01.png]
[themebeyond.com/html/startesk/startesk/img/images/f_download_btn02.png]
[themebeyond.com/html/startesk/startesk/img/images/card_img.png]
[themebeyond.com/html/startesk/startesk/js/vendor/jquery-1.12.4.min.js]
[themebeyond.com/html/startesk/startesk/js/popper.min.js]
[themebeyond.com/html/startesk/startesk/js/bootstrap.min.js]
[themebeyond.com/html/startesk/startesk/js/isotope.pkgd.min.js]
[themebeyond.com/html/startesk/startesk/js/slick.min.js]
[themebeyond.com/html/startesk/startesk/js/jquery.meanmenu.min.js]
[themebeyond.com/html/startesk/startesk/js/ajax-form.js]
[themebeyond.com/html/startesk/startesk/js/wow.min.js]
[themebeyond.com/html/startesk/startesk/js/aos.js]
[themebeyond.com/html/startesk/startesk/js/paroller.js]
[themebeyond.com/html/startesk/startesk/js/jquery.waypoints.min.js]
[themebeyond.com/html/startesk/startesk/js/jquery.counterup.min.js]
[themebeyond.com/html/startesk/startesk/js/jquery.nice-select.min.js]
[themebeyond.com/html/startesk/startesk/js/jquery.scrollUp.min.js]
[themebeyond.com/html/startesk/startesk/js/imagesloaded.pkgd.min.js]
[themebeyond.com/html/startesk/startesk/js/jquery.magnific-popup.min.js]
[themebeyond.com/html/startesk/startesk/js/plugins.js]
[themebeyond.com/html/startesk/startesk/js/main.js]
[themebeyond.com/html/startesk/startesk/index-2.html]
[themebeyond.com/html/startesk/startesk/css/bootstrap.min.css]
[themebeyond.com/html/startesk/startesk/css/animate.min.css]
[themebeyond.com/html/startesk/startesk/css/magnific-popup.css]
[themebeyond.com/html/startesk/startesk/fonts/fa-brands-400.eot]
[themebeyond.com/html/startesk/startesk/fonts/fa-brands-400d41d.eot]
[themebeyond.com/html/startesk/startesk/fonts/fa-brands-400.woff2]
[themebeyond.com/html/startesk/startesk/fonts/fa-brands-400.woff]
[themebeyond.com/html/startesk/startesk/fonts/fa-brands-400.ttf]
[themebeyond.com/html/startesk/startesk/fonts/fa-brands-400.svg]
[themebeyond.com/html/startesk/startesk/fonts/fa-regular-400.eot]
[themebeyond.com/html/startesk/startesk/fonts/fa-regular-400d41d.eot]
[themebeyond.com/html/startesk/startesk/fonts/fa-regular-400.woff2]
[themebeyond.com/html/startesk/startesk/fonts/fa-regular-400.woff]
[themebeyond.com/html/startesk/startesk/fonts/fa-regular-400.ttf]
[themebeyond.com/html/startesk/startesk/fonts/fa-regular-400.svg]
[themebeyond.com/html/startesk/startesk/fonts/fa-solid-900.eot]
[themebeyond.com/html/startesk/startesk/fonts/fa-solid-900d41d.eot]
[themebeyond.com/html/startesk/startesk/fonts/fa-solid-900.woff2]
[themebeyond.com/html/startesk/startesk/fonts/fa-solid-900.woff]
[themebeyond.com/html/startesk/startesk/fonts/fa-solid-900.ttf]
[themebeyond.com/html/startesk/startesk/css/fontawesome-all.min.css]
[themebeyond.com/html/startesk/startesk/css/aos.css]
[themebeyond.com/html/startesk/startesk/css/nice-select.css]
[themebeyond.com/html/startesk/startesk/fonts/fa-solid-900.svg]
[themebeyond.com/html/startesk/startesk/fonts/Flaticon.eot]
[themebeyond.com/html/startesk/startesk/fonts/Flaticond41d.eot]
[themebeyond.com/html/startesk/startesk/fonts/Flaticon.woff2]
[themebeyond.com/html/startesk/startesk/fonts/Flaticon.woff]
[themebeyond.com/html/startesk/startesk/fonts/Flaticon.ttf]
[themebeyond.com/html/startesk/startesk/css/flaticon.css]
[themebeyond.com/html/startesk/startesk/css/meanmenu.css]
[themebeyond.com/html/startesk/startesk/css/slick.css]
[themebeyond.com/html/startesk/startesk/css/default.css]
[themebeyond.com/html/startesk/startesk/fonts/Flaticon.svg]
[themebeyond.com/html/startesk/startesk/img/icon/nw_selarw.png]
[themebeyond.com/html/startesk/startesk/img/bg/breadcrumb_bg.jpg]
[themebeyond.com/html/startesk/startesk/img/bg/breadcrumb_overlay_dots.png]
[themebeyond.com/html/startesk/startesk/img/slider/slider_img02.jpg]
[themebeyond.com/html/startesk/startesk/img/slider/slider_img01.png]
[themebeyond.com/html/startesk/startesk/img/slider/slider_shape.png]
[themebeyond.com/html/startesk/startesk/img/slider/raster_dot.png]
[themebeyond.com/html/startesk/startesk/img/slider/slider_img03.jpg]
[themebeyond.com/html/startesk/startesk/img/slider/third_slider_shape.png]
[themebeyond.com/html/startesk/startesk/img/bg/category_bg.png]
[themebeyond.com/html/startesk/startesk/img/bg/s_cat_bg.jpg]
[themebeyond.com/html/startesk/startesk/img/bg/t_cat_bg.jpg]
[themebeyond.com/html/startesk/startesk/img/bg/about_bg.jpg]
[themebeyond.com/html/startesk/startesk/img/bg/delivery_bg.jpg]
[themebeyond.com/html/startesk/startesk/img/bg/help_bg.jpg]
[themebeyond.com/html/startesk/startesk/img/images/ellips_shape.png]
[themebeyond.com/html/startesk/startesk/img/bg/services_bg.jpg]
[themebeyond.com/html/startesk/startesk/img/images/sidebar_support.jpg]
[themebeyond.com/html/startesk/startesk/img/icon/services_quote.png]
[themebeyond.com/html/startesk/startesk/img/bg/video_bg.jpg]
[themebeyond.com/html/startesk/startesk/img/bg/quote_bg.jpg]
[themebeyond.com/html/startesk/startesk/img/bg/testimonial_map_bg.jpg]
[themebeyond.com/html/startesk/startesk/img/bg/testimonial_bg.jpg]
[themebeyond.com/html/startesk/startesk/img/bg/faq_bg.jpg]
[themebeyond.com/html/startesk/startesk/img/bg/gallery_bg.jpg]
[themebeyond.com/html/startesk/startesk/img/bg/fact_bg.jpg]
[themebeyond.com/html/startesk/startesk/img/bg/breadcrumb_bg02.jpg]
[themebeyond.com/html/startesk/startesk/img/bg/breadcrumb_bg03.jpg]
[themebeyond.com/html/startesk/startesk/img/bg/tracking_bg.jpg]
[themebeyond.com/html/startesk/startesk/img/icon/quote.png]
[themebeyond.com/html/startesk/startesk/img/blog/blockquote_bg.jpg]
[themebeyond.com/html/startesk/startesk/img/bg/newsletter_bg.jpg]
[themebeyond.com/html/startesk/startesk/css/style.css]
[themebeyond.com/html/startesk/startesk/css/responsive.css]
[themebeyond.com/html/startesk/startesk/img/images/about_img01.png]
[themebeyond.com/html/startesk/startesk/img/images/about_img02.png]
[themebeyond.com/html/startesk/startesk/img/images/about_img03.png]
[themebeyond.com/html/startesk/startesk/img/gallery/gallery_thumb01.jpg]
[themebeyond.com/html/startesk/startesk/img/gallery/gallery_thumb02.jpg]
[themebeyond.com/html/startesk/startesk/img/gallery/gallery_thumb03.jpg]
[themebeyond.com/html/startesk/startesk/img/gallery/gallery_thumb04.jpg]
[themebeyond.com/html/startesk/startesk/img/images/extra_features_img.png]
[themebeyond.com/html/startesk/startesk/img/blog/blog_thumb01.jpg]
[themebeyond.com/html/startesk/startesk/img/blog/blog_thumb02.jpg]
[themebeyond.com/html/startesk/startesk/img/blog/blog_thumb03.jpg]
[themebeyond.com/html/startesk/startesk/index.html]
[themebeyond.com/cdn-cgi/scripts/5c5dd728/cloudflare-static/email-decode.min.js]
[themebeyond.com/html/startesk/startesk/img/logo/white_logo.png]
[themebeyond.com/html/startesk/startesk/img/icon/calculator-symbols02.png]
[themebeyond.com/html/startesk/startesk/img/slider/slider_bg03.jpg]
[themebeyond.com/html/startesk/startesk/img/slider/slider_bg04.jpg]
[themebeyond.com/html/startesk/startesk/img/slider/slider_bg05.jpg]
[themebeyond.com/html/startesk/startesk/img/images/s_services_img01.jpg]
[themebeyond.com/html/startesk/startesk/img/images/s_services_img02.jpg]
[themebeyond.com/html/startesk/startesk/img/images/s_services_img03.jpg]
[themebeyond.com/html/startesk/startesk/img/icon/choose_img01.png]
[themebeyond.com/html/startesk/startesk/img/icon/choose_img02.png]
[themebeyond.com/html/startesk/startesk/img/icon/choose_img03.png]
[themebeyond.com/html/startesk/startesk/img/icon/choose_img04.png]
[themebeyond.com/html/startesk/startesk/img/icon/choose_img05.png]
[themebeyond.com/html/startesk/startesk/img/icon/choose_img06.png]
[themebeyond.com/html/startesk/startesk/img/images/rating_logo.jpg]
[themebeyond.com/html/startesk/startesk/img/images/rating_logo03.jpg]
[themebeyond.com/html/startesk/startesk/img/images/rating_logo02.jpg]
[themebeyond.com/html/startesk/startesk/img/images/rating_logo04.jpg]
[themebeyond.com/html/startesk/startesk/index-3.html]
[themebeyond.com/html/startesk/startesk/about-us.html]
[themebeyond.com/html/startesk/startesk/tracking.html]
[themebeyond.com/html/startesk/startesk/img/images/services_details_img.jpg]
[themebeyond.com/html/startesk/startesk/service-air.html]
[themebeyond.com/html/startesk/startesk/img/images/services_details_img03.jpg]
[themebeyond.com/html/startesk/startesk/service-Railway.html]
[themebeyond.com/html/startesk/startesk/img/images/services_details_img04.jpg]
[themebeyond.com/html/startesk/startesk/service-door-to-door.html]
[themebeyond.com/html/startesk/startesk/img/images/services_details_img02.jpg]
[themebeyond.com/html/startesk/startesk/service-warehouse.html]
[themebeyond.com/html/startesk/startesk/img/icon/pricing_icon01.png]
[themebeyond.com/html/startesk/startesk/img/icon/pricing_icon02.png]
[themebeyond.com/html/startesk/startesk/img/icon/pricing_icon03.png]
[themebeyond.com/html/startesk/startesk/img/images/s_testi_avatar.png]
[themebeyond.com/html/startesk/startesk/img/icon/testi_quote.png]
[themebeyond.com/html/startesk/startesk/pricing.html]
[themebeyond.com/html/startesk/startesk/img/blog/s_blog_thumb01.jpg]
[themebeyond.com/html/startesk/startesk/img/blog/s_blog_thumb02.jpg]
[themebeyond.com/html/startesk/startesk/img/blog/s_blog_thumb03.jpg]
[themebeyond.com/html/startesk/startesk/img/blog/s_blog_thumb04.jpg]
[themebeyond.com/html/startesk/startesk/img/blog/s_blog_thumb05.jpg]
[themebeyond.com/html/startesk/startesk/img/blog/s_blog_thumb06.jpg]
[themebeyond.com/html/startesk/startesk/img/blog/s_blog_thumb07.jpg]
[themebeyond.com/html/startesk/startesk/img/blog/s_blog_thumb08.jpg]
[themebeyond.com/html/startesk/startesk/blog.html]
[themebeyond.com/html/startesk/startesk/img/blog/t_blog_thumb01.jpg]
[themebeyond.com/html/startesk/startesk/img/blog/t_blog_thumb02.jpg]
[themebeyond.com/html/startesk/startesk/img/blog/t_blog_thumb03.jpg]
[themebeyond.com/html/startesk/startesk/img/blog/rc_post_thumb01.jpg]
[themebeyond.com/html/startesk/startesk/img/blog/rc_post_thumb02.jpg]
[themebeyond.com/html/startesk/startesk/img/blog/rc_post_thumb03.jpg]
[themebeyond.com/html/startesk/startesk/blog-classic.html]
[themebeyond.com/html/startesk/startesk/blog-with-sidebar.html]
[themebeyond.com/html/startesk/startesk/img/blog/blog_details_img01.jpg]
[themebeyond.com/html/startesk/startesk/img/blog/blog_details_img02.jpg]
[themebeyond.com/html/startesk/startesk/img/blog/post_avatar_img.png]
[themebeyond.com/html/startesk/startesk/img/icon/left_arrow.png]
[themebeyond.com/html/startesk/startesk/img/icon/right_arrow.png]
[themebeyond.com/html/startesk/startesk/img/blog/comment_avatar01.jpg]
[themebeyond.com/html/startesk/startesk/img/blog/comment_avatar02.jpg]
[themebeyond.com/html/startesk/startesk/blog-details.html]
[themebeyond.com/html/startesk/startesk/img/icon/contact_box_icon01.png]
[themebeyond.com/html/startesk/startesk/img/icon/contact_box_icon02.png]
[themebeyond.com/html/startesk/startesk/img/icon/contact_box_icon03.png]
[themebeyond.com/html/startesk/startesk/img/icon/contact_box_icon04.png]
[themebeyond.com/html/startesk/startesk/support.html]
[themebeyond.com/html/startesk/startesk/fonts/fa-brands-400.svg]
[themebeyond.com/html/startesk/startesk/fonts/fa-regular-400.svg]
[themebeyond.com/html/startesk/startesk/fonts/fa-solid-900.svg]
[themebeyond.com/html/startesk/startesk/fonts/Flaticon.svg]
